// Jest Snapshot v1, https://goo.gl/fbAQLP

exports[`BookListItem BookListItem snap 1`] = `
"<BookListItem book={{...}}>
  <div className=\\"book-list-item\\">
    <div className=\\"cover\\">
      <img src=\\"x\\" />
    </div>
    <div className=\\"property-item\\">
      <div>
        Название книги: 
        q
      </div>
      <div>
        Автор: 
        z
      </div>
      <div>
        Жанр: 
        y
      </div>
    </div>
  </div>
</BookListItem>"
`;
